{
  Comment: 'A Hello World example of the Amazon States Language using Pass states',
  StartAt: 'Hello',
  States: {
    Hello: {
      Next: 'World',
      Type: 'Pass',
    },
    World: {
      End: true,
      Result: 'World',
      Type: 'Pass',
    },
  },
}
{
  ConfigFileName: 'env_def.yaml',
  aws_region: 'us-east-1',
  required_version: '>v0.0.0',
  state_machine: {
    definition: 'hello_world_env.asl.jsonnet',
    logging_configuration: {
      destinations: [
        {
          cloudwatch_logs_log_group: {
            log_group_arn: 'arn:aws:logs:us-east-1:012345678901:log-group:/steps/hello',
          },
        },
      ],
      level: 'FATAL',
    },
    name: 'Hello',
    role_arn: 'arn:aws:iam::012345678901:role/service-role/StepFunctions-Hello-role',
    tracing_configuration: {},
    type: 'STANDARD',
  },
}
