{
  "Comment": "A Hello World example of the Amazon States Language using Pass states",
  "StartAt": "Hello",
  "States": {
    "Hello": {
      "Next": "World",
      "Type": "Pass"
    },
    "World": {
      "End": true,
      "Result": "World",
      "Type": "Pass"
    }
  }
}

