Usage: stefunny deploy

Deploy state machine and schedule rules

Flags:
  -h, --help                    Show context-sensitive help.
      --log-level="info"        Set log level (debug, info, notice, warn,
                                error) ($STEFUNNY_LOG_LEVEL)
  -c, --config="config.yaml"    Path to config file ($STEFUNNY_CONFIG)
      --tfstate=STRING          URL to terraform.tfstate referenced in config
                                ($STEFUNNY_TFSTATE)
      --ext-str=,...            external string values for Jsonnet
      --ext-code=,...           external code values for Jsonnet
      --region=""               AWS region ($AWS_REGION)

      --dry-run                 Dry run
      --skip-state-machine      Skip deploy state machine
      --skip-trigger            Skip deploy trigger
      --version-description=STRING
                                Version description
      --keep-versions=0         Number of latest versions to keep. Older
                                versions will be deleted. (Optional value:
                                default 0)
      --alias="current"         alias name for publish
      --trigger-enabled         Enable trigger
      --trigger-disabled        Disable trigger
      --unified                 when dry run, output unified diff
