{
  "version": {},
  "init": {},
  "delete": {},
  "deploy": {},
  "rollback": {},
  "schedule": {},
  "render": {},
  "execute": {},
  "versions": {},
  "diff": {},
  "pull": {
    "Templatize": false,
    "Qualifier": ""
  },
  "studio": {
    "Open": false
  }
}