Usage: stefunny render <targets> ...

Render state machine definition

Arguments:
  <targets> ...    target to render (config, definition, def)

Flags:
  -h, --help                      Show context-sensitive help.
      --log-level="info"          Set log level (debug, info, notice, warn,
                                  error) ($STEFUNNY_LOG_LEVEL)
  -c, --config="stefunny.yaml"    Path to config file ($STEFUNNY_CONFIG)
      --tfstate=STRING            URL to terraform.tfstate referenced in config
                                  ($STEFUNNY_TFSTATE)
      --ext-str=,...              external string values for Jsonnet
      --ext-code=,...             external code values for Jsonnet
      --region=""                 AWS region ($AWS_REGION)
      --alias="current"           Alias name for state machine ($STEFUNNY_ALIAS)

      --format=""                 output format(json, jsonnet, yaml)
