{
  "version": {},
  "init": {},
  "delete": {},
  "deploy": {},
  "schedule": {},
  "render": {},
  "execute": {}
}