{
  "log_level": "info",
  "config": "config.yaml",
  "region": "ap-northeast-1",
  "version": {},
  "init": {
    "definition_file_path": "definition.asl.json"
  },
  "delete": {},
  "deploy": {
    "dry_run": true
  },
  "schedule": {},
  "render": {
    "format": "json"
  },
  "execute": {}
}