{
  "log_level": "info",
  "config": "config.yaml",
  "region": "us-east-1",
  "version": {},
  "init": {
    "definition_file_path": "definition.asl.json"
  },
  "delete": {},
  "deploy": {},
  "schedule": {},
  "render": {
    "format": "json"
  },
  "execute": {
    "input": "testdata/input.json"
  }
}