{
  "log_level": "info",
  "config": "config.yaml",
  "region": "us-east-1",
  "alias": "current",
  "version": {},
  "init": {
    "definition_file_path": "definition.asl.json"
  },
  "delete": {},
  "deploy": {
    "unified": true
  },
  "rollback": {},
  "schedule": {},
  "render": {
    "targets": [
      "def"
    ],
    "format": "yaml"
  },
  "execute": {
    "input": "-"
  },
  "versions": {
    "format": "table",
    "keep_versions": 5
  },
  "diff": {
    "unified": true
  },
  "pull": {
    "Templateize": true,
    "Qualifier": ""
  },
  "studio": {
    "Open": false
  }
}
