{
  "log_level": "info",
  "config": "config.yaml",
  "region": "us-east-1",
  "alias": "current",
  "version": {},
  "init": {
    "definition_file_path": "definition.asl.json"
  },
  "delete": {},
  "deploy": {
    "trigger_enabled": true,
    "trigger_disabled": true,
    "unified": true
  },
  "rollback": {},
  "schedule": {},
  "render": {},
  "execute": {
    "input": "-"
  },
  "versions": {
    "format": "table",
    "keep_versions": 5
  },
  "diff": {}
}