{
  "required_version": "\u003e=v0.5.0",
  "aws_region": "us-east-1",
  "state_machine": {
    "definition": "{\n   \"Comment\": \"A Hello World example of the Amazon States Language using Pass states\",\n   \"StartAt\": \"Hello\",\n   \"States\": {\n      \"Hello\": {\n         \"Next\": \"World\",\n         \"Type\": \"Pass\"\n      },\n      \"World\": {\n         \"End\": true,\n         \"Result\": \"World\",\n         \"Type\": \"Pass\"\n      }\n   }\n}",
    "logging_configuration": {
      "destinations": [
        {
          "cloudwatch_logs_log_group": {
            "log_group_arn": "arn:aws:logs:us-east-1:123456789012:log-group:/aws/stepfunctions/Hello"
          }
        }
      ],
      "level": "ALL"
    },
    "name": "Hello",
    "role_arn": "arn:aws:iam::123456789012:role/StepFunctions-Hello-Role",
    "tracing_configuration": {},
    "type": "STANDARD"
  }
}