{
  "required_version": "\u003ev0.0.0",
  "aws_region": "us-east-1",
  "state_machine": {
    "definition": "{\"Comment\":\"A Hello World example of the Amazon States Language using Pass states\",\"StartAt\":\"Hello\",\"States\":{\"Hello\":{\"Next\":\"World\",\"Type\":\"Pass\"},\"World\":{\"End\":true,\"Result\":\"World\",\"Type\":\"Pass\"}}}",
    "logging_configuration": {
      "destinations": [
        {
          "cloudwatch_logs_log_group": {
            "log_group_arn": "arn:aws:logs:us-east-1:012345678901:log-group:/steps/hello"
          }
        }
      ],
      "level": "ALL"
    },
    "name": "Hello",
    "role_arn": "arn:aws:iam::012345678901:role/service-role/StepFunctions-Hello-role",
    "tracing_configuration": {},
    "type": "STANDARD"
  },
  "ConfigDir": "",
  "ConfigFileName": "yaml_def.yaml"
}