Usage: stefunny schedule --enabled --disabled

Enable or disable schedule rules (deprecated)

Flags:
  -h, --help                      Show context-sensitive help.
      --log-level="info"          Set log level (debug, info, notice, warn,
                                  error) ($STEFUNNY_LOG_LEVEL)
  -c, --config="stefunny.yaml"    Path to config file ($STEFUNNY_CONFIG)
      --tfstate=STRING            URL to terraform.tfstate referenced in config
                                  ($STEFUNNY_TFSTATE)
      --ext-str=,...              external string values for Jsonnet
      --ext-code=,...             external code values for Jsonnet
      --region=""                 AWS region ($AWS_REGION)
      --alias="current"           Alias name for state machine ($STEFUNNY_ALIAS)

      --dry-run                   Dry run
      --enabled                   Enable schedule
      --disabled                  Disable schedule

stefunny: error: missing flags: --enabled or --disabled
