Usage: stefunny delete

Delete state machine and schedule rules

Flags:
  -h, --help                    Show context-sensitive help.
      --log-level="info"        Set log level (debug, info, notice, warn,
                                error) ($STEFUNNY_LOG_LEVEL)
  -c, --config="config.yaml"    Path to config file ($STEFUNNY_CONFIG)
      --tfstate=STRING          URL to terraform.tfstate referenced in config
                                ($STEFUNNY_TFSTATE)
      --ext-str=,...            external string values for Jsonnet
      --ext-code=,...           external code values for Jsonnet
      --region=""               AWS region ($AWS_REGION)
      --alias="current"         Alias name for state machine ($STEFUNNY_ALIAS)

      --dry-run                 Dry run
      --force                   delete without confirmation
