{
  "log_level": "debug",
  "config": "config.yaml",
  "region": "us-east-1",
  "version": {},
  "init": {
    "definition_file_path": "definition.asl.json"
  },
  "delete": {},
  "deploy": {},
  "schedule": {},
  "render": {
    "targets": [
      "config"
    ]
  },
  "execute": {
    "input": "-"
  }
}