{
  "log_level": "info",
  "config": "config.yaml",
  "region": "us-east-1",
  "version": {},
  "init": {
    "definition_file_path": "definition.asl.json",
    "alias": "current"
  },
  "delete": {
    "alias": "current"
  },
  "deploy": {
    "alias": "current"
  },
  "rollback": {
    "alias": "current"
  },
  "schedule": {
    "dry_run": true,
    "enabled": true,
    "alias": "current"
  },
  "render": {},
  "execute": {
    "input": "-"
  },
  "versions": {
    "format": "table",
    "keep_versions": 5
  }
}